Calculating fib(1) 0
Calculating fib(2) 1
Calculating fib(3) 1
Calculating fib(4) 2
Calculating fib(5) 3
Calculating fib(6) 5
Calculating fib(7) 8
Calculating fib(8) 13
Calculating fib(9) 21
Calculating fib(10) 34
Calculating fib(11) 55
Calculating fib(12) 89
Calculating fib(13) 144
Calculating fib(14) 233
Calculating fib(15) 377
Calculating fib(16) 610
Calculating fib(17) 987
Calculating fib(18) 1597
Calculating fib(19) 2584
Calculating fib(20) 4181
