The string 'steve' is 5 bytes long
HELLO, I AM A STRING IN UPPER-CASE
String forwards : Hello, I am a string which can be rEvErSeD!
String backwards: !DeSrEvEr eb nac hcihw gnirts a ma I ,olleH
String forwards : Hello, I am a string which can be rEvErSeD!
strcmp(steve,rteve) is 1
strcmp(Steve,rteve) is -31
strcmp(Steve,Tteve) is -1
strcmp(Steve,Steve) is 0
strcmp(Steve,Steve*) is -42
Hello, world!
Compared successfully!
string '3.98' -> 3.98000
STRING -> FLOAT
